Copyright 1986-2021 Xilinx, Inc. All Rights Reserved.
--------------------------------------------------------------------------------------------------------------------------------------------------------------------
| Tool Version : Vivado v.2021.2 (win64) Build 3367213 Tue Oct 19 02:48:09 MDT 2021
| Date         : Thu Jul 23 14:43:16 2026
| Host         : stleraburg running 64-bit major release  (build 9200)
| Command      : report_methodology -file riscv_core_methodology_drc_routed.rpt -pb riscv_core_methodology_drc_routed.pb -rpx riscv_core_methodology_drc_routed.rpx
| Design       : riscv_core
| Device       : xc7z045ffg900-2
| Speed File   : -2
| Design State : Fully Routed
--------------------------------------------------------------------------------------------------------------------------------------------------------------------

Report Methodology

Table of Contents
-----------------
1. REPORT SUMMARY
2. REPORT DETAILS

1. REPORT SUMMARY
-----------------
            Netlist: netlist
          Floorplan: design_1
      Design limits: <entire design considered>
             Max violations: <unlimited>
             Violations found: 5
+-----------+----------+------------------------------+------------+
| Rule      | Severity | Description                  | Violations |
+-----------+----------+------------------------------+------------+
| LUTAR-1   | Warning  | LUT drives async reset alert | 1          |
| TIMING-20 | Warning  | Non-clocked latch            | 4          |
+-----------+----------+------------------------------+------------+

2. REPORT DETAILS
-----------------
LUTAR-1#1 Warning
LUT drives async reset alert  
LUT cell rst_debounce/led_result[3]_i_1, with 2 or more inputs, drives asynchronous preset/clear pin(s) program_counter/pc_out_reg[0]/CLR, program_counter/pc_out_reg[10]/CLR,
program_counter/pc_out_reg[11]/CLR, program_counter/pc_out_reg[12]/CLR,
program_counter/pc_out_reg[13]/CLR, program_counter/pc_out_reg[14]/CLR,
program_counter/pc_out_reg[15]/CLR, program_counter/pc_out_reg[16]/CLR,
program_counter/pc_out_reg[17]/CLR, program_counter/pc_out_reg[18]/CLR,
program_counter/pc_out_reg[19]/CLR, program_counter/pc_out_reg[1]/CLR,
program_counter/pc_out_reg[20]/CLR, program_counter/pc_out_reg[21]/CLR,
program_counter/pc_out_reg[22]/CLR (the first 15 of 33 listed). The LUT may glitch and trigger an unexpected reset, even if it is a properly timed path.
Related violations: <none>

TIMING-20#1 Warning
Non-clocked latch  
The latch ig/immediate_reg[30] cannot be properly analyzed as its control pin ig/immediate_reg[30]/G is not reached by a timing clock
Related violations: <none>

TIMING-20#2 Warning
Non-clocked latch  
The latch ig/immediate_reg[31] cannot be properly analyzed as its control pin ig/immediate_reg[31]/G is not reached by a timing clock
Related violations: <none>

TIMING-20#3 Warning
Non-clocked latch  
The latch ig/immediate_reg[3] cannot be properly analyzed as its control pin ig/immediate_reg[3]/G is not reached by a timing clock
Related violations: <none>

TIMING-20#4 Warning
Non-clocked latch  
The latch ig/immediate_reg[5] cannot be properly analyzed as its control pin ig/immediate_reg[5]/G is not reached by a timing clock
Related violations: <none>


